Microchip MPLAB XC8 Compiler V2.36

Linker command line:

-W-3 --edf=C:\Program Files\Microchip\xc8\v2.36\pic\dat\en_msgs.txt -cn \
  -h+dist/default/production\Embedded_Projects_Ahmed_Abdelghafar_course.production.sym \
  --cmf=dist/default/production\Embedded_Projects_Ahmed_Abdelghafar_course.production.cmf \
  -z -Q18F4620 -oC:\Users\Maghraby\AppData\Local\Temp\xcAs5v8.4 \
  --defsym=__MPLAB_BUILD=1 \
  -Mdist/default/production/Embedded_Projects_Ahmed_Abdelghafar_course.production.map \
  --md=C:\Users\Maghraby\AppData\Local\Temp\xcAs5v8.dat -E1 \
  -ver=XC8 Compiler --acfsm=1493 -ACODE=00h-0FFFFh -ACONST=00h-0FFFFh \
  -ASMALLCONST=01000h-010FFhx240 -AMEDIUMCONST=01000h-0FFFFh \
  -ACOMRAM=01h-07Fh -AABS1=00h-0F7Fh -ABIGRAM=01h-0F7Fh \
  -ARAM=080h-0FFh,0100h-01FFhx14,0F00h-0F7Fh -ABANK0=080h-0FFh \
  -ABANK1=0100h-01FFh -ABANK2=0200h-02FFh -ABANK3=0300h-03FFh \
  -ABANK4=0400h-04FFh -ABANK5=0500h-05FFh -ABANK6=0600h-06FFh \
  -ABANK7=0700h-07FFh -ABANK8=0800h-08FFh -ABANK9=0900h-09FFh \
  -ABANK10=0A00h-0AFFh -ABANK11=0B00h-0BFFh -ABANK12=0C00h-0CFFh \
  -ABANK13=0D00h-0DFFh -ABANK14=0E00h-0EFFh -ABANK15=0F00h-0F7Fh \
  -ASFR=0F80h-0FFFh -ABIGSFR=0F80h-0FFFh -ACONFIG=0300000h-030000Dh \
  -AIDLOC=0200000h-0200007h -AEEDATA=0F00000h-0F003FFh -peeprom_data=EEDATA \
  -preset_vec=00h,intcode=08h,intcodelo,powerup,init -pramtop=01000h \
  -psmallconst=SMALLCONST -pmediumconst=MEDIUMCONST -pconst=CONST \
  -AFARRAM=00h-00h \
  -prdata=COMRAM,nvrram=COMRAM,nvbit=COMRAM,rbss=COMRAM,rbit=COMRAM \
  -pfarbss=FARRAM,fardata=FARRAM,nvFARRAM=FARRAM \
  -pintsave_regs=BIGRAM,bigbss=BIGRAM,bigdata=BIGRAM -pbss=RAM \
  -pidata=CODE,irdata=CODE,ibigdata=CODE,ifardata=CODE -prparam=COMRAM \
  C:\Users\Maghraby\AppData\Local\Temp\xcAs5v8.o \
  dist/default/production\Embedded_Projects_Ahmed_Abdelghafar_course.production.o 

Object code version is 3.11

Machine type is 18F4620



                Name                               Link     Load   Length Selector   Space Scale
C:\Users\Maghraby\AppData\Local\Temp\xcAs5v8.o
                idloc                            200000   200000        8        0       5
                config                           300000   300000        E        0       4
                init                                  E        E        4        4       0
                reset_vec                             0        0        4        0       0
dist/default/production\Embedded_Projects_Ahmed_Abdelghafar_course.production.o
                intcode                               8        8        6        4       0
                idloc                            200000   200000        8        0       5
                config                           300000   300000        E        0       4
                temp                                 6D       6D        1        1       1
                smallconst                         1000     1000       62      800       0
                text42                             2B2E     2B2E        4     157D       0
                text41                             2B2A     2B2A        4     157D       0
                text40                             2B26     2B26        4     157D       0
                text39                             2B32     2B32        2     157D       0
                text38                             2B22     2B22        4     157D       0
                text37                             2B1E     2B1E        4     157D       0
                text36                             2B1A     2B1A        4     157D       0
                text35                             2ACC     2ACC       1A      831       0
                text34                             2AB2     2AB2       1A      831       0
                text33                             2A98     2A98       1A      831       0
                text32                             2A7E     2A7E       1A      831       0
                text31                             2728     2728       66      831       0
                text30                             29F0     29F0       2E      831       0
                text29                             2B06     2B06        C     157D       0
                text28                             2B12     2B12        8     157D       0
                text27                             2AFA     2AFA        C     157D       0
                intcode_body                       16EC     16EC      396      831       0
                text25                             20F4     20F4       C4      831       0
                text24                             23DA     23DA       B0      831       0
                text23                             2948     2948       3C      831       0
                text22                             29BA     29BA       36      831       0
                text21                             2984     2984       36      831       0
                text20                             2A46     2A46       1E      831       0
                text19                             2A1E     2A1E       28      831       0
                text18                             28A6     28A6       58      831       0
                text17                             284E     284E       58      831       0
                text16                             2538     2538       9C      831       0
                text15                             2016     2016       DE      831       0
                text14                             1F2C     1F2C       EA      831       0
                text13                             2A64     2A64       1A      831       0
                text12                             248A     248A       AE      831       0
                text11                             1BCA     1BCA      130      831       0
                text10                             1E1A     1E1A      112      831       0
                text9                              1A82     1A82      148      831       0
                text8                              26BC     26BC       6C      831       0
                text7                              264C     264C       70      831       0
                text6                              2328     2328       B2      831       0
                text5                              1CFA     1CFA      120      831       0
                text4                              2276     2276       B2      831       0
                text3                              25D4     25D4       78      831       0
                text2                              21B8     21B8       BE      831       0
                text1                              27F0     27F0       5E      831       0
                text0                              1062     1062      68A      831       0
                cstackCOMRAM                         35       35       25        1       1
                cstackBANK1                         100      100       11      100       1
                dataBANK0                            80       80       4A       80       1
                bssBANK0                             CA       CA       29       80       1
                dataCOMRAM                           5A       5A       13        1       1
                bssCOMRAM                             1        1       34        1       1
                cinit                              278E     278E       62      831       0
                idataBANK0                         28FE     28FE       4A      831       0
                idataCOMRAM                        2AE6     2AE6       13      831       0

TOTAL           Name                               Link     Load   Length     Space
        CLASS   CODE           
                intcode                               8        8        6         0
                init                                  E        E        4         0
                reset_vec                             0        0        4         0
                text42                             2B2E     2B2E        4         0
                text41                             2B2A     2B2A        4         0
                text40                             2B26     2B26        4         0
                text39                             2B32     2B32        2         0
                text38                             2B22     2B22        4         0
                text37                             2B1E     2B1E        4         0
                text36                             2B1A     2B1A        4         0
                text35                             2ACC     2ACC       1A         0
                text34                             2AB2     2AB2       1A         0
                text33                             2A98     2A98       1A         0
                text32                             2A7E     2A7E       1A         0
                text31                             2728     2728       66         0
                text30                             29F0     29F0       2E         0
                text29                             2B06     2B06        C         0
                text28                             2B12     2B12        8         0
                text27                             2AFA     2AFA        C         0
                intcode_body                       16EC     16EC      396         0
                text25                             20F4     20F4       C4         0
                text24                             23DA     23DA       B0         0
                text23                             2948     2948       3C         0
                text22                             29BA     29BA       36         0
                text21                             2984     2984       36         0
                text20                             2A46     2A46       1E         0
                text19                             2A1E     2A1E       28         0
                text18                             28A6     28A6       58         0
                text17                             284E     284E       58         0
                text16                             2538     2538       9C         0
                text15                             2016     2016       DE         0
                text14                             1F2C     1F2C       EA         0
                text13                             2A64     2A64       1A         0
                text12                             248A     248A       AE         0
                text11                             1BCA     1BCA      130         0
                text10                             1E1A     1E1A      112         0
                text9                              1A82     1A82      148         0
                text8                              26BC     26BC       6C         0
                text7                              264C     264C       70         0
                text6                              2328     2328       B2         0
                text5                              1CFA     1CFA      120         0
                text4                              2276     2276       B2         0
                text3                              25D4     25D4       78         0
                text2                              21B8     21B8       BE         0
                text1                              27F0     27F0       5E         0
                text0                              1062     1062      68A         0
                cinit                              278E     278E       62         0
                idataBANK0                         28FE     28FE       4A         0
                idataCOMRAM                        2AE6     2AE6       13         0

        CLASS   CONST          

        CLASS   SMALLCONST     
                smallconst                         1000     1000       62         0

        CLASS   MEDIUMCONST    

        CLASS   COMRAM         
                temp                                 6D       6D        1         1
                cstackCOMRAM                         35       35       25         1
                dataCOMRAM                           5A       5A       13         1
                bssCOMRAM                             1        1       34         1

        CLASS   ABS1           

        CLASS   BIGRAM         

        CLASS   RAM            

        CLASS   BANK0          
                dataBANK0                            80       80       4A         1
                bssBANK0                             CA       CA       29         1

        CLASS   BANK1          
                cstackBANK1                         100      100       11         1

        CLASS   BANK2          

        CLASS   BANK3          

        CLASS   BANK4          

        CLASS   BANK5          

        CLASS   BANK6          

        CLASS   BANK7          

        CLASS   BANK8          

        CLASS   BANK9          

        CLASS   BANK10         

        CLASS   BANK11         

        CLASS   BANK12         

        CLASS   BANK13         

        CLASS   BANK14         

        CLASS   BANK15         

        CLASS   SFR            

        CLASS   BIGSFR         

        CLASS   CONFIG         
                config                           300000   300000        E         4

        CLASS   IDLOC          
                idloc                            200000   200000        8         5

        CLASS   EEDATA         

        CLASS   FARRAM         

        CLASS   HEAP           

        CLASS   STACK          



SEGMENTS        Name                           Load    Length   Top    Selector   Space  Class

                reset_vec                      000000  000004  000004         0       0  CODE    
                bssCOMRAM                      000001  00006D  00006E         1       1  COMRAM  
                intcode                        000008  00000A  000012         4       0  CODE    
                dataBANK0                      000080  000073  0000F3        80       1  BANK0   
                cstackBANK1                    000100  000011  000111       100       1  BANK1   
                smallconst                     001000  000062  001062       800       0  SMALLCON
                text0                          001062  001A97  002AF9       831       0  CODE    
                text27                         002AFA  00003A  002B34      157D       0  CODE    


UNUSED ADDRESS RANGES

        Name                Unused          Largest block    Delta
        BANK0            0000F3-0000FF                D
        BANK1            000111-0001FF               EF
        BANK10           000A00-000AFF              100
        BANK11           000B00-000BFF              100
        BANK12           000C00-000CFF              100
        BANK13           000D00-000DFF              100
        BANK14           000E00-000EFF              100
        BANK15           000F00-000F7F               80
        BANK2            000200-0002FF              100
        BANK3            000300-0003FF              100
        BANK4            000400-0004FF              100
        BANK5            000500-0005FF              100
        BANK6            000600-0006FF              100
        BANK7            000700-0007FF              100
        BANK8            000800-0008FF              100
        BANK9            000900-0009FF              100
        BIGRAM           00006E-00007F               12
                         0000F3-0000FF                D
                         000111-000F7F              E6F
        BIGSFR           000F80-000FFF               80
        CODE             000004-000007                4
                         000012-000FFF              FEE
                         002AF9-002AF9                1
                         002B34-00FFFF             D4CC
        COMRAM           00006E-00007F               12
        CONST            000004-000007                4
                         000012-000FFF              FEE
                         002AF9-002AF9                1
                         002B34-00FFFF             D4CC
        EEDATA           F00000-F003FF              400
        MEDIUMCONST      002AF9-002AF9                1
                         002B34-00FFFF             D4CC
        RAM              0000F3-0000FF                D
                         000111-000F7F              100
        SFR              000F80-000FFF               80
        SMALLCONST       002AF9-002AF9                1
                         002B34-00FFFF              100

                                  Symbol Table

?___awdiv                                     cstackCOMRAM 000038
?___awmod                                     cstackCOMRAM 000038
RB4_ISR@source                                cstackCOMRAM 000035
RB5_ISR@source                                cstackCOMRAM 000035
RB6_ISR@source                                cstackCOMRAM 000035
RB7_ISR@source                                cstackCOMRAM 000035
_ADCON0bits                                   (abs)        000FC2
_ADCON1bits                                   (abs)        000FC1
_ADCON2bits                                   (abs)        000FC0
_ADC_ISR                                      text42       002B2E
_ADC_InterruptHandler                         bssCOMRAM    000019
_ADRESH                                       (abs)        000FC4
_ADRESL                                       (abs)        000FC3
_BAUDCONbits                                  (abs)        000FB8
_CCP1CONbits                                  (abs)        000FBD
_CCP1_ISR                                     text41       002B2A
_CCP1_InterruptHandler                        bssBANK0     0000F1
_CCP2CONbits                                  (abs)        000FBA
_CCP2_ISR                                     text40       002B26
_CCP2_InterruptHandler                        bssBANK0     0000EF
_CCPR1H                                       (abs)        000FBF
_CCPR1L                                       (abs)        000FBE
_CCPR2H                                       (abs)        000FBC
_CCPR2L                                       (abs)        000FBB
_EEADR                                        (abs)        000FA9
_EEADRH                                       (abs)        000FAA
_EECON1bits                                   (abs)        000FA6
_EECON2                                       (abs)        000FA7
_EEDATA                                       (abs)        000FA8
_EUSART_TX_Isr                                text39       002B32
_INT0_ISR                                     text38       002B22
_INT0_InterruptHandler                        bssBANK0     0000E9
_INT1_ISR                                     text37       002B1E
_INT1_InterruptHandler                        bssBANK0     0000E7
_INT2_ISR                                     text36       002B1A
_INT2_InterruptHandler                        bssBANK0     0000E5
_INTCON2bits                                  (abs)        000FF1
_INTCON3bits                                  (abs)        000FF0
_INTCONbits                                   (abs)        000FF2
_InterruptManager                             intcode      000008
_LATA                                         (abs)        000F89
_LATB                                         (abs)        000F8A
_LATC                                         (abs)        000F8B
_LATD                                         (abs)        000F8C
_LATE                                         (abs)        000F8D
_PIE1bits                                     (abs)        000F9D
_PIE2bits                                     (abs)        000FA0
_PIR1bits                                     (abs)        000F9E
_PIR2bits                                     (abs)        000FA1
_PORTA                                        (abs)        000F80
_PORTB                                        (abs)        000F81
_PORTBbits                                    (abs)        000F81
_PORTC                                        (abs)        000F82
_PORTD                                        (abs)        000F83
_PORTE                                        (abs)        000F84
_PR2                                          (abs)        000FCB
_RB4_Flag                                     dataCOMRAM   00005F
_RB4_ISR                                      text35       002ACC
_RB4_InterruptHandler_High                    bssCOMRAM    000017
_RB4_InterruptHandler_Low                     bssCOMRAM    000015
_RB5_Flag                                     dataCOMRAM   00005E
_RB5_ISR                                      text34       002AB2
_RB5_InterruptHandler_High                    bssCOMRAM    000013
_RB5_InterruptHandler_Low                     bssCOMRAM    000011
_RB6_Flag                                     dataCOMRAM   00005D
_RB6_ISR                                      text33       002A98
_RB6_InterruptHandler_High                    bssCOMRAM    00000F
_RB6_InterruptHandler_Low                     bssCOMRAM    00000D
_RB7_Flag                                     dataCOMRAM   00005C
_RB7_ISR                                      text32       002A7E
_RB7_InterruptHandler_High                    bssCOMRAM    00000B
_RB7_InterruptHandler_Low                     bssCOMRAM    000009
_RCREG                                        (abs)        000FAE
_RCSTAbits                                    (abs)        000FAB
_RX_Handler                                   bssBANK0     0000EB
_SPBRG                                        (abs)        000FAF
_SPBRGH                                       (abs)        000FB0
_SSPBUF                                       (abs)        000FC9
_SSPCON1bits                                  (abs)        000FC6
_SSPSTATbits                                  (abs)        000FC7
_T0CONbits                                    (abs)        000FD5
_T1CONbits                                    (abs)        000FCD
_T2CONbits                                    (abs)        000FCA
_T3CONbits                                    (abs)        000FB1
_TMR0H                                        (abs)        000FD7
_TMR0L                                        (abs)        000FD6
_TMR0_InterruptHandler                        bssCOMRAM    000007
_TMR1                                         (abs)        000FCE
_TMR1H                                        (abs)        000FCF
_TMR1L                                        (abs)        000FCE
_TMR1_InterruptHandler                        bssCOMRAM    000005
_TMR2                                         (abs)        000FCC
_TMR2_InterruptHandler                        bssBANK0     0000E3
_TMR3                                         (abs)        000FB2
_TMR3H                                        (abs)        000FB3
_TMR3L                                        (abs)        000FB2
_TMR3_InterruptHandler                        bssBANK0     0000E1
_TMR_ISR                                      text31       002728
_TRISA                                        (abs)        000F92
_TRISAbits                                    (abs)        000F92
_TRISB                                        (abs)        000F93
_TRISC                                        (abs)        000F94
_TRISCbits                                    (abs)        000F94
_TRISD                                        (abs)        000F95
_TRISE                                        (abs)        000F96
_TXREG                                        (abs)        000FAD
_TXSTAbits                                    (abs)        000FAC
_TX_Handler                                   bssBANK0     0000ED
_Timer0_ISR                                   text30       0029F0
_Timer1_ISR                                   text29       002B06
_Timer2_ISR                                   text28       002B12
_Timer3_ISR                                   text27       002AFA
__HRAM                                        (abs)        000000
__Habs1                                       abs1         000000
__Hbank0                                      bank0        000000
__Hbank1                                      bank1        000000
__Hbank10                                     bank10       000000
__Hbank11                                     bank11       000000
__Hbank12                                     bank12       000000
__Hbank13                                     bank13       000000
__Hbank14                                     bank14       000000
__Hbank15                                     bank15       000000
__Hbank2                                      bank2        000000
__Hbank3                                      bank3        000000
__Hbank4                                      bank4        000000
__Hbank5                                      bank5        000000
__Hbank6                                      bank6        000000
__Hbank7                                      bank7        000000
__Hbank8                                      bank8        000000
__Hbank9                                      bank9        000000
__Hbigbss                                     bigbss       000000
__Hbigdata                                    bigdata      000000
__Hbigram                                     bigram       000000
__Hbigsfr                                     bigsfr       000000
__Hbss                                        bss          000000
__HbssBANK0                                   bssBANK0     000000
__HbssCOMRAM                                  bssCOMRAM    000000
__Hcinit                                      cinit        000000
__Hclrtext                                    clrtext      000000
__Hcomram                                     comram       000000
__Hconfig                                     config       30000E
__Hconst                                      const        000000
__HcstackBANK1                                cstackBANK1  000000
__HcstackCOMRAM                               cstackCOMRAM 000000
__Hdata                                       data         000000
__HdataBANK0                                  dataBANK0    000000
__HdataCOMRAM                                 dataCOMRAM   000000
__Heeprom_data                                eeprom_data  000000
__Hfarbss                                     farbss       000000
__Hfardata                                    fardata      000000
__Hheap                                       heap         000000
__Hibigdata                                   ibigdata     000000
__Hidata                                      idata        000000
__HidataBANK0                                 idataBANK0   000000
__HidataCOMRAM                                idataCOMRAM  000000
__Hidloc                                      idloc        200008
__Hifardata                                   ifardata     000000
__Hinit                                       init         000012
__Hintcode                                    intcode      00000E
__Hintcode_body                               intcode_body 000000
__Hintcodelo                                  intcodelo    00000E
__Hintentry                                   intentry     000000
__Hintret                                     intret       000000
__Hintsave_regs                               intsave_regs 000000
__Hirdata                                     irdata       000000
__Hmediumconst                                mediumconst  000000
__HnvFARRAM                                   nvFARRAM     000000
__Hnvbit                                      nvbit        000000
__Hnvrram                                     nvrram       000000
__Hparam                                      rparam       000000
__Hpowerup                                    powerup      00000E
__Hram                                        ram          000000
__Hramtop                                     ramtop       001000
__Hrbit                                       rbit         000000
__Hrbss                                       rbss         000000
__Hrdata                                      rdata        000000
__Hreset_vec                                  reset_vec    000004
__Hrparam                                     rparam       000000
__Hsfr                                        sfr          000000
__Hsmallconst                                 smallconst   001062
__Hspace_0                                    (abs)        002B34
__Hspace_1                                    (abs)        000111
__Hspace_2                                    (abs)        000000
__Hspace_4                                    (abs)        60000E
__Hstack                                      stack        000000
__Hstruct                                     struct       000000
__Htemp                                       temp         00006E
__Htext                                       text         000000
__Htext0                                      text0        000000
__Htext1                                      text1        000000
__Htext10                                     text10       000000
__Htext11                                     text11       000000
__Htext12                                     text12       000000
__Htext13                                     text13       000000
__Htext14                                     text14       000000
__Htext15                                     text15       000000
__Htext16                                     text16       000000
__Htext17                                     text17       000000
__Htext18                                     text18       000000
__Htext19                                     text19       000000
__Htext2                                      text2        000000
__Htext20                                     text20       000000
__Htext21                                     text21       000000
__Htext22                                     text22       000000
__Htext23                                     text23       000000
__Htext24                                     text24       000000
__Htext25                                     text25       000000
__Htext27                                     text27       000000
__Htext28                                     text28       000000
__Htext29                                     text29       000000
__Htext3                                      text3        000000
__Htext30                                     text30       000000
__Htext31                                     text31       000000
__Htext32                                     text32       000000
__Htext33                                     text33       000000
__Htext34                                     text34       000000
__Htext35                                     text35       000000
__Htext36                                     text36       000000
__Htext37                                     text37       000000
__Htext38                                     text38       000000
__Htext39                                     text39       000000
__Htext4                                      text4        000000
__Htext40                                     text40       000000
__Htext41                                     text41       000000
__Htext42                                     text42       000000
__Htext43                                     text43       000000
__Htext5                                      text5        000000
__Htext6                                      text6        000000
__Htext7                                      text7        000000
__Htext8                                      text8        000000
__Htext9                                      text9        000000
__LRAM                                        (abs)        000001
__Labs1                                       abs1         000000
__Lbank0                                      bank0        000000
__Lbank1                                      bank1        000000
__Lbank10                                     bank10       000000
__Lbank11                                     bank11       000000
__Lbank12                                     bank12       000000
__Lbank13                                     bank13       000000
__Lbank14                                     bank14       000000
__Lbank15                                     bank15       000000
__Lbank2                                      bank2        000000
__Lbank3                                      bank3        000000
__Lbank4                                      bank4        000000
__Lbank5                                      bank5        000000
__Lbank6                                      bank6        000000
__Lbank7                                      bank7        000000
__Lbank8                                      bank8        000000
__Lbank9                                      bank9        000000
__Lbigbss                                     bigbss       000000
__Lbigdata                                    bigdata      000000
__Lbigram                                     bigram       000000
__Lbigsfr                                     bigsfr       000000
__Lbss                                        bss          000000
__LbssBANK0                                   bssBANK0     000000
__LbssCOMRAM                                  bssCOMRAM    000000
__Lcinit                                      cinit        000000
__Lclrtext                                    clrtext      000000
__Lcomram                                     comram       000000
__Lconfig                                     config       000000
__Lconst                                      const        000000
__LcstackBANK1                                cstackBANK1  000000
__LcstackCOMRAM                               cstackCOMRAM 000000
__Ldata                                       data         000000
__LdataBANK0                                  dataBANK0    000000
__LdataCOMRAM                                 dataCOMRAM   000000
__Leeprom_data                                eeprom_data  000000
__Lfarbss                                     farbss       000000
__Lfardata                                    fardata      000000
__Lheap                                       heap         000000
__Libigdata                                   ibigdata     000000
__Lidata                                      idata        000000
__LidataBANK0                                 idataBANK0   000000
__LidataCOMRAM                                idataCOMRAM  000000
__Lidloc                                      idloc        000000
__Lifardata                                   ifardata     000000
__Linit                                       init         00000E
__Lintcode                                    intcode      000008
__Lintcode_body                               intcode_body 000000
__Lintcodelo                                  intcodelo    00000E
__Lintentry                                   intentry     000000
__Lintret                                     intret       000000
__Lintsave_regs                               intsave_regs 000000
__Lirdata                                     irdata       000000
__Lmediumconst                                mediumconst  000000
__LnvFARRAM                                   nvFARRAM     000000
__Lnvbit                                      nvbit        000000
__Lnvrram                                     nvrram       000000
__Lparam                                      rparam       000000
__Lpowerup                                    powerup      00000E
__Lram                                        ram          000000
__Lramtop                                     ramtop       001000
__Lrbit                                       rbit         000000
__Lrbss                                       rbss         000000
__Lrdata                                      rdata        000000
__Lreset_vec                                  reset_vec    000000
__Lrparam                                     rparam       000000
__Lsfr                                        sfr          000000
__Lsmallconst                                 smallconst   001000
__Lspace_0                                    (abs)        000000
__Lspace_1                                    (abs)        000000
__Lspace_2                                    (abs)        000000
__Lspace_4                                    (abs)        000000
__Lstack                                      stack        000000
__Lstruct                                     struct       000000
__Ltemp                                       temp         00006D
__Ltext                                       text         000000
__Ltext0                                      text0        000000
__Ltext1                                      text1        000000
__Ltext10                                     text10       000000
__Ltext11                                     text11       000000
__Ltext12                                     text12       000000
__Ltext13                                     text13       000000
__Ltext14                                     text14       000000
__Ltext15                                     text15       000000
__Ltext16                                     text16       000000
__Ltext17                                     text17       000000
__Ltext18                                     text18       000000
__Ltext19                                     text19       000000
__Ltext2                                      text2        000000
__Ltext20                                     text20       000000
__Ltext21                                     text21       000000
__Ltext22                                     text22       000000
__Ltext23                                     text23       000000
__Ltext24                                     text24       000000
__Ltext25                                     text25       000000
__Ltext27                                     text27       000000
__Ltext28                                     text28       000000
__Ltext29                                     text29       000000
__Ltext3                                      text3        000000
__Ltext30                                     text30       000000
__Ltext31                                     text31       000000
__Ltext32                                     text32       000000
__Ltext33                                     text33       000000
__Ltext34                                     text34       000000
__Ltext35                                     text35       000000
__Ltext36                                     text36       000000
__Ltext37                                     text37       000000
__Ltext38                                     text38       000000
__Ltext39                                     text39       000000
__Ltext4                                      text4        000000
__Ltext40                                     text40       000000
__Ltext41                                     text41       000000
__Ltext42                                     text42       000000
__Ltext43                                     text43       000000
__Ltext5                                      text5        000000
__Ltext6                                      text6        000000
__Ltext7                                      text7        000000
__Ltext8                                      text8        000000
__Ltext9                                      text9        000000
__S0                                          (abs)        002B34
__S1                                          (abs)        000111
__S4                                          (abs)        000000
__S5                                          (abs)        000000
___awdiv                                      text25       0020F4
___awdiv@counter                              cstackCOMRAM 00003C
___awdiv@dividend                             cstackCOMRAM 000038
___awdiv@divisor                              cstackCOMRAM 00003A
___awdiv@quotient                             cstackCOMRAM 00003E
___awdiv@sign                                 cstackCOMRAM 00003D
___awmod                                      text24       0023DA
___awmod@counter                              cstackCOMRAM 00003C
___awmod@dividend                             cstackCOMRAM 000038
___awmod@divisor                              cstackCOMRAM 00003A
___awmod@sign                                 cstackCOMRAM 00003D
___heap_hi                                    (abs)        000000
___heap_lo                                    (abs)        000000
___inthi_sp                                   stack        000000
___intlo_sp                                   stack        000000
___param_bank                                 (abs)        000000
___rparam_used                                (abs)        000001
___sp                                         stack        000000
__accesstop                                   (abs)        000080
__activetblptr                                (abs)        000003
__end_of_ADC_ISR                              text42       002B32
__end_of_CCP1_ISR                             text41       002B2E
__end_of_CCP2_ISR                             text40       002B2A
__end_of_EUSART_TX_Isr                        text39       002B34
__end_of_INT0_ISR                             text38       002B26
__end_of_INT1_ISR                             text37       002B22
__end_of_INT2_ISR                             text36       002B1E
__end_of_InterruptManager                     intcode_body 001A82
__end_of_RB4_ISR                              text35       002AE6
__end_of_RB5_ISR                              text34       002ACC
__end_of_RB6_ISR                              text33       002AB2
__end_of_RB7_ISR                              text32       002A98
__end_of_TMR_ISR                              text31       00278E
__end_of_Timer0_ISR                           text30       002A1E
__end_of_Timer1_ISR                           text29       002B12
__end_of_Timer2_ISR                           text28       002B1A
__end_of_Timer3_ISR                           text27       002B06
__end_of___awdiv                              text25       0021B8
__end_of___awmod                              text24       00248A
__end_of__initialization                      cinit        0027E6
__end_of_gpio_pin_direction_initialize        text9        001BCA
__end_of_gpio_pin_initialize                  text8        002728
__end_of_gpio_pin_read_logic                  text12       002538
__end_of_gpio_pin_write_logic                 text11       001CFA
__end_of_gpio_port_write_logic                text23       002984
__end_of_hal_timer0_disable_prescaler         text22       0029F0
__end_of_hal_timer0_enable_prescaler          text21       0029BA
__end_of_hal_timer0_initialize                text14       002016
__end_of_hal_timer0_interrupt_disable         text13       002A7E
__end_of_hal_timer0_interrupt_enable          text20       002A64
__end_of_hal_timer0_interrupt_handler_init    text19       002A46
__end_of_hal_timer0_select_8bit_or_16bit_mode text18       0028FE
__end_of_hal_timer0_select_clock_source       text16       0025D4
__end_of_hal_timer0_select_edge_increment     text17       0028A6
__end_of_hal_timer0_set_prescaler_value       text15       0020F4
__end_of_keypad_btns                          smallconst   001011
__end_of_keypad_get_pressed_button            text10       001F2C
__end_of_keypad_initialize                    text7        0026BC
__end_of_lcd_8bit_initialize                  text5        001E1A
__end_of_lcd_8bit_send_char_data              text4        002328
__end_of_lcd_8bit_send_command                text6        0023DA
__end_of_lcd_8bit_send_string                 text3        00264C
__end_of_lcd_8bit_send_string_pos             text1        00284E
__end_of_lcd_8bit_set_cursor                  text2        002276
__end_of_main                                 text0        0016EC
__initialization                              cinit        00278E
__mediumconst                                 mediumconst  000000
__pbssBANK0                                   bssBANK0     0000CA
__pbssCOMRAM                                  bssCOMRAM    000001
__pcinit                                      cinit        00278E
__pcstackBANK1                                cstackBANK1  000100
__pcstackCOMRAM                               cstackCOMRAM 000035
__pdataBANK0                                  dataBANK0    000080
__pdataCOMRAM                                 dataCOMRAM   00005A
__pidataBANK0                                 idataBANK0   0028FE
__pidataCOMRAM                                idataCOMRAM  002AE6
__pintcode                                    intcode      000008
__pintcode_body                               intcode_body 0016EC
__psmallconst                                 smallconst   001000
__ptext0                                      text0        001062
__ptext1                                      text1        0027F0
__ptext10                                     text10       001E1A
__ptext11                                     text11       001BCA
__ptext12                                     text12       00248A
__ptext13                                     text13       002A64
__ptext14                                     text14       001F2C
__ptext15                                     text15       002016
__ptext16                                     text16       002538
__ptext17                                     text17       00284E
__ptext18                                     text18       0028A6
__ptext19                                     text19       002A1E
__ptext2                                      text2        0021B8
__ptext20                                     text20       002A46
__ptext21                                     text21       002984
__ptext22                                     text22       0029BA
__ptext23                                     text23       002948
__ptext24                                     text24       0023DA
__ptext25                                     text25       0020F4
__ptext27                                     text27       002AFA
__ptext28                                     text28       002B12
__ptext29                                     text29       002B06
__ptext3                                      text3        0025D4
__ptext30                                     text30       0029F0
__ptext31                                     text31       002728
__ptext32                                     text32       002A7E
__ptext33                                     text33       002A98
__ptext34                                     text34       002AB2
__ptext35                                     text35       002ACC
__ptext36                                     text36       002B1A
__ptext37                                     text37       002B1E
__ptext38                                     text38       002B22
__ptext39                                     text39       002B32
__ptext4                                      text4        002276
__ptext40                                     text40       002B26
__ptext41                                     text41       002B2A
__ptext42                                     text42       002B2E
__ptext43                                     text43       000000
__ptext5                                      text5        001CFA
__ptext6                                      text6        002328
__ptext7                                      text7        00264C
__ptext8                                      text8        0026BC
__ptext9                                      text9        001A82
__ramtop                                      ramtop       001000
__smallconst                                  smallconst   001000
_fifth_digit                                  bssCOMRAM    00002F
_fifth_digit_done                             bssCOMRAM    00001C
_first_digit                                  bssCOMRAM    000033
_first_digit_done                             bssCOMRAM    000020
_fourth_digit                                 bssCOMRAM    000030
_fourth_digit_done                            bssCOMRAM    00001D
_gpio_pin_direction_initialize                text9        001A82
_gpio_pin_initialize                          text8        0026BC
_gpio_pin_read_logic                          text12       00248A
_gpio_pin_write_logic                         text11       001BCA
_gpio_port_write_logic                        text23       002948
_hal_timer0_disable_prescaler                 text22       0029BA
_hal_timer0_enable_prescaler                  text21       002984
_hal_timer0_initialize                        text14       001F2C
_hal_timer0_interrupt_disable                 text13       002A64
_hal_timer0_interrupt_enable                  text20       002A46
_hal_timer0_interrupt_handler_init            text19       002A1E
_hal_timer0_select_8bit_or_16bit_mode         text18       0028A6
_hal_timer0_select_clock_source               text16       002538
_hal_timer0_select_edge_increment             text17       00284E
_hal_timer0_set_prescaler_value               text15       002016
_hours                                        bssCOMRAM    000023
_key_pressed                                  bssCOMRAM    000034
_keypad1                                      dataBANK0    0000BC
_keypad_btns                                  smallconst   001001
_keypad_get_pressed_button                    text10       001E1A
_keypad_initialize                            text7        00264C
_l                                            bssCOMRAM    000024
_lat_registers                                dataBANK0    00008A
_lcd_1                                        dataBANK0    0000C4
_lcd_2                                        dataBANK0    0000B2
_lcd_8                                        dataBANK0    00009E
_lcd_8bit_initialize                          text5        001CFA
_lcd_8bit_send_char_data                      text4        002276
_lcd_8bit_send_command                        text6        002328
_lcd_8bit_send_string                         text3        0025D4
_lcd_8bit_send_string_pos                     text1        0027F0
_lcd_8bit_set_cursor                          text2        0021B8
_m                                            bssCOMRAM    000022
_main                                         text0        001062
_minutes                                      dataCOMRAM   00005A
_port_registers                               dataBANK0    000080
_r                                            bssCOMRAM    000025
_rc0                                          dataCOMRAM   000066
_rc1                                          dataCOMRAM   000065
_rc2                                          dataCOMRAM   000064
_rc3                                          dataCOMRAM   000063
_rc4                                          dataCOMRAM   000062
_rc5                                          dataCOMRAM   000061
_rc6                                          dataCOMRAM   000060
_rd0                                          dataCOMRAM   00006C
_rd1                                          dataCOMRAM   00006B
_rd2                                          dataCOMRAM   00006A
_rd3                                          dataCOMRAM   000069
_rd4                                          dataCOMRAM   000068
_rd5                                          dataCOMRAM   000067
_second_digit                                 bssCOMRAM    000032
_second_digit_done                            bssCOMRAM    00001F
_seconds                                      dataCOMRAM   00005B
_set_clock_array                              bssBANK0     0000D7
_sixth_digit                                  bssCOMRAM    00002E
_sixth_digit_done                             bssCOMRAM    00001B
_t_counter                                    bssBANK0     0000DD
_test                                         bssCOMRAM    000021
_third_digit                                  bssCOMRAM    000031
_third_digit_done                             bssCOMRAM    00001E
_timer1_isr_preload_value                     bssCOMRAM    000003
_timer2_preload                               bssCOMRAM    000026
_timer3_isr_preload_value                     bssCOMRAM    000001
_tmr0                                         dataBANK0    0000A8
_tris_registers                               dataBANK0    000094
btemp                                         temp         00006D
end_of_initialization                         cinit        0027E6
gpio_pin_direction_initialize@Status          cstackCOMRAM 000040
gpio_pin_direction_initialize@pin_config      cstackCOMRAM 000038
gpio_pin_initialize@Status                    cstackCOMRAM 000045
gpio_pin_initialize@pin_config                cstackCOMRAM 000042
gpio_pin_read_logic@logic                     cstackCOMRAM 00003A
gpio_pin_read_logic@pin_config                cstackCOMRAM 000038
gpio_pin_write_logic@Status                   cstackCOMRAM 000041
gpio_pin_write_logic@logic                    cstackCOMRAM 00003A
gpio_pin_write_logic@pin_config               cstackCOMRAM 000038
gpio_port_write_logic@logic                   cstackCOMRAM 000038
gpio_port_write_logic@port                    cstackCOMRAM 00003B
hal_timer0_disable_prescaler@timer0           cstackCOMRAM 000038
hal_timer0_enable_prescaler@timer0            cstackCOMRAM 000038
hal_timer0_initialize@timer0                  cstackCOMRAM 00003E
hal_timer0_interrupt_disable@timer0           cstackCOMRAM 000038
hal_timer0_interrupt_enable@timer0            cstackCOMRAM 000038
hal_timer0_interrupt_handler_init@timer0      cstackCOMRAM 000038
hal_timer0_select_8bit_or_16bit_mode@timer0   cstackCOMRAM 000038
hal_timer0_select_clock_source@timer0         cstackCOMRAM 00003B
hal_timer0_select_edge_increment@timer0       cstackCOMRAM 000038
hal_timer0_set_prescaler_value@timer0         cstackCOMRAM 000038
int$flags                                     temp         00006D
int_func                                      intcode_body 0016EC
intlevel0                                     text         000000
intlevel1                                     text         000000
intlevel2                                     text         000000
intlevel3                                     text         000000
isa$std                                       (abs)        000001
isa$xinst                                     (abs)        000000
keypad_get_pressed_button@Status              cstackCOMRAM 000048
keypad_get_pressed_button@button_pressed      cstackCOMRAM 000044
keypad_get_pressed_button@column_number       cstackCOMRAM 00004C
keypad_get_pressed_button@keypad              cstackCOMRAM 000042
keypad_get_pressed_button@l_counter           cstackCOMRAM 00004A
keypad_get_pressed_button@logic               cstackCOMRAM 000049
keypad_get_pressed_button@row_number          cstackCOMRAM 00004B
keypad_initialize@column_counter              cstackCOMRAM 00004B
keypad_initialize@keypad                      cstackCOMRAM 000046
keypad_initialize@row_counter                 cstackCOMRAM 00004A
lcd_8bit_initialize@Status                    cstackCOMRAM 000050
lcd_8bit_initialize@l_data_pins_counter       cstackCOMRAM 00004F
lcd_8bit_initialize@lcd                       cstackCOMRAM 00004B
lcd_8bit_send_char_data@Status                cstackCOMRAM 000049
lcd_8bit_send_char_data@data                  cstackCOMRAM 000044
lcd_8bit_send_char_data@l_lcd_pins_counter    cstackCOMRAM 00004A
lcd_8bit_send_char_data@lcd                   cstackCOMRAM 000042
lcd_8bit_send_command@Status                  cstackCOMRAM 000049
lcd_8bit_send_command@command                 cstackCOMRAM 000044
lcd_8bit_send_command@l_lcd_pins_counter      cstackCOMRAM 00004A
lcd_8bit_send_command@lcd                     cstackCOMRAM 000042
lcd_8bit_send_string@Status                   cstackCOMRAM 00004F
lcd_8bit_send_string@lcd                      cstackCOMRAM 00004B
lcd_8bit_send_string@str                      cstackCOMRAM 00004D
lcd_8bit_send_string_pos@column               cstackCOMRAM 000055
lcd_8bit_send_string_pos@lcd                  cstackCOMRAM 000052
lcd_8bit_send_string_pos@row                  cstackCOMRAM 000054
lcd_8bit_send_string_pos@str                  cstackCOMRAM 000056
lcd_8bit_set_cursor@Status                    cstackCOMRAM 000051
lcd_8bit_set_cursor@column                    cstackCOMRAM 00004E
lcd_8bit_set_cursor@lcd                       cstackCOMRAM 00004B
lcd_8bit_set_cursor@row                       cstackCOMRAM 00004D
led_initialize@F2881                          bssCOMRAM    00002D
led_toggle@F2896                              bssCOMRAM    00002A
led_turn_off@F2891                            bssCOMRAM    00002B
led_turn_on@F2886                             bssCOMRAM    00002C
main@_7_Segments_Arr                          cstackBANK1  000106
main@_7_Segments_Arr_Common_Control           cstackBANK1  000100
main@i                                        cstackBANK1  00010F
main@lcd_message                              cstackBANK1  00010D
relay_Off@F2889                               bssCOMRAM    000027
relay_On@F2884                                bssCOMRAM    000028
relay_initialize@F2879                        bssCOMRAM    000029
stackhi                                       (abs)        000000
stacklo                                       (abs)        000000
start                                         init         00000E
start_initialization                          cinit        00278E
ttemp5                                        temp         00006E
ttemp6                                        temp         000071
ttemp7                                        temp         000075
wtemp8                                        temp         00006E


MODULE INFORMATION

Module		Function		Class		Link	Load	Size
C:\Program Files\Microchip\xc8\v2.36\pic\sources\c99\common\awmod.c
		___awmod       		CODE           	23DA	0000	176

C:\Program Files\Microchip\xc8\v2.36\pic\sources\c99\common\awmod.c estimated size: 176

MCAL_Layer/EUSART/hal_eusart.c
		_EUSART_TX_Isr 		CODE           	2B32	0000	2

MCAL_Layer/EUSART/hal_eusart.c estimated size: 2

ECU_Layer/Chr_LCD/ecu_chr_lcd.c
		_lcd_8bit_set_cursor		CODE           	21B8	0000	190
		_lcd_8bit_initialize		CODE           	1CFA	0000	288
		_lcd_8bit_send_string		CODE           	25D4	0000	120
		_lcd_8bit_send_command		CODE           	2328	0000	178
		_lcd_8bit_send_string_pos		CODE           	27F0	0000	94
		_lcd_8bit_send_char_data		CODE           	2276	0000	178

ECU_Layer/Chr_LCD/ecu_chr_lcd.c estimated size: 1048

C:\Program Files\Microchip\xc8\v2.36\pic\sources\c99\common\awdiv.c
		___awdiv       		CODE           	20F4	0000	196

C:\Program Files\Microchip\xc8\v2.36\pic\sources\c99\common\awdiv.c estimated size: 196

ECU_Layer/Keypad/ecu_keypad.c
		_keypad_get_pressed_button		CODE           	1E1A	0000	274
		_keypad_initialize		CODE           	264C	0000	112

ECU_Layer/Keypad/ecu_keypad.c estimated size: 386

shared
		__initialization		CODE           	278E	0000	88
		_keypad_btns   		SMALLCONST     	1001	0000	16

shared estimated size: 104

MCAL_Layer/Interrupt/mcal_external_interrupt.c
		_RB4_ISR       		CODE           	2ACC	0000	26
		_RB5_ISR       		CODE           	2AB2	0000	26
		_RB6_ISR       		CODE           	2A98	0000	26
		_RB7_ISR       		CODE           	2A7E	0000	26
		_INT0_ISR      		CODE           	2B22	0000	4
		_INT1_ISR      		CODE           	2B1E	0000	4
		_INT2_ISR      		CODE           	2B1A	0000	4

MCAL_Layer/Interrupt/mcal_external_interrupt.c estimated size: 116

MCAL_Layer/ADC/hal_adc.c
		_ADC_ISR       		CODE           	2B2E	0000	4

MCAL_Layer/ADC/hal_adc.c estimated size: 4

MCAL_Layer/Interrupt/mcal_interrupt_manager.c
		_InterruptManager		CODE           	0008	0000	924

MCAL_Layer/Interrupt/mcal_interrupt_manager.c estimated size: 924

MCAL_Layer/GPIO/hal_gpio.c
		_gpio_pin_write_logic		CODE           	1BCA	0000	304
		_gpio_pin_read_logic		CODE           	248A	0000	174
		_gpio_pin_direction_initialize		CODE           	1A82	0000	328
		_gpio_pin_initialize		CODE           	26BC	0000	108
		_gpio_port_write_logic		CODE           	2948	0000	60

MCAL_Layer/GPIO/hal_gpio.c estimated size: 974

MCAL_Layer/CCP1/hal_ccp1.c
		_CCP1_ISR      		CODE           	2B2A	0000	4
		_CCP2_ISR      		CODE           	2B26	0000	4

MCAL_Layer/CCP1/hal_ccp1.c estimated size: 8

application.c
		_main          		CODE           	1062	0000	1674
		_TMR_ISR       		CODE           	2728	0000	102

application.c estimated size: 1776

MCAL_Layer/Timer3/hal_timer3.c
		_Timer3_ISR    		CODE           	2AFA	0000	12

MCAL_Layer/Timer3/hal_timer3.c estimated size: 12

MCAL_Layer/Timer2/hal_timer2.c
		_Timer2_ISR    		CODE           	2B12	0000	8

MCAL_Layer/Timer2/hal_timer2.c estimated size: 8

MCAL_Layer/Timer1/hal_timer1.c
		_Timer1_ISR    		CODE           	2B06	0000	12

MCAL_Layer/Timer1/hal_timer1.c estimated size: 12

MCAL_Layer/Timer0/hal_timer0.c
		_hal_timer0_initialize		CODE           	1F2C	0000	234
		_hal_timer0_enable_prescaler		CODE           	2984	0000	54
		_hal_timer0_interrupt_handler_init		CODE           	2A1E	0000	40
		_Timer0_ISR    		CODE           	29F0	0000	46
		_hal_timer0_select_clock_source		CODE           	2538	0000	156
		_hal_timer0_select_8bit_or_16bit_mode		CODE           	28A6	0000	88
		_hal_timer0_select_edge_increment		CODE           	284E	0000	88
		_hal_timer0_interrupt_enable		CODE           	2A46	0000	30
		_hal_timer0_set_prescaler_value		CODE           	2016	0000	222
		_hal_timer0_disable_prescaler		CODE           	29BA	0000	54
		_hal_timer0_interrupt_disable		CODE           	2A64	0000	26

MCAL_Layer/Timer0/hal_timer0.c estimated size: 1038

