Microchip MPLAB XC8 Compiler V2.40

Linker command line:

-W-3 \
  --edf=C:\Program Files\Microchip\xc8\v2.40\pic\dat\20220703182018_en.msgs \
  -cn -h+dist/default/production\PIC18F4620_Driver.production.sym \
  --cmf=dist/default/production\PIC18F4620_Driver.production.cmf -z \
  -Q18F4620 -oC:\Users\Maghraby\AppData\Local\Temp\xcAs4ro.4 \
  --defsym=__MPLAB_BUILD=1 --fixupoverflow=error \
  -Mdist/default/production/PIC18F4620_Driver.production.map \
  --md=C:\Users\Maghraby\AppData\Local\Temp\xcAs4ro.dat -E1 \
  -ver=XC8 Compiler --acfsm=1493 -ACODE=00h-0FFFFh -ACONST=00h-0FFFFh \
  -ASMALLCONST=01000h-010FFhx240 -AMEDIUMCONST=01000h-0FFFFh \
  -ACOMRAM=01h-07Fh -AABS1=00h-0F7Fh -ABIGRAM=01h-0F7Fh \
  -ARAM=080h-0FFh,0100h-01FFhx14,0F00h-0F7Fh -ABANK0=080h-0FFh \
  -ABANK1=0100h-01FFh -ABANK2=0200h-02FFh -ABANK3=0300h-03FFh \
  -ABANK4=0400h-04FFh -ABANK5=0500h-05FFh -ABANK6=0600h-06FFh \
  -ABANK7=0700h-07FFh -ABANK8=0800h-08FFh -ABANK9=0900h-09FFh \
  -ABANK10=0A00h-0AFFh -ABANK11=0B00h-0BFFh -ABANK12=0C00h-0CFFh \
  -ABANK13=0D00h-0DFFh -ABANK14=0E00h-0EFFh -ABANK15=0F00h-0F7Fh \
  -ASFR=0F80h-0FFFh -ABIGSFR=0F80h-0FFFh -ACONFIG=0300000h-030000Dh \
  -AIDLOC=0200000h-0200007h -AEEDATA=0F00000h-0F003FFh -peeprom_data=EEDATA \
  -preset_vec=00h,intcode=08h,intcodelo,powerup,init -pramtop=01000h \
  -psmallconst=SMALLCONST -pmediumconst=MEDIUMCONST -pconst=CONST \
  -AFARRAM=00h-00h \
  -prdata=COMRAM,nvrram=COMRAM,nvbit=COMRAM,rbss=COMRAM,rbit=COMRAM \
  -pfarbss=FARRAM,fardata=FARRAM,nvFARRAM=FARRAM \
  -pintsave_regs=BIGRAM,bigbss=BIGRAM,bigdata=BIGRAM -pbss=RAM \
  -pidata=CODE,irdata=CODE,ibigdata=CODE,ifardata=CODE -prparam=COMRAM \
  C:\Users\Maghraby\AppData\Local\Temp\xcAs4ro.o \
  dist/default/production\PIC18F4620_Driver.production.o 

Object code version is 3.11

Machine type is 18F4620



                Name                               Link     Load   Length Selector   Space Scale
C:\Users\Maghraby\AppData\Local\Temp\xcAs4ro.o
                idloc                            200000   200000        8        0       5
                config                           300000   300000        E        0       4
                init                                  E        E        4        4       0
                reset_vec                             0        0        4        0       0
dist/default/production\PIC18F4620_Driver.production.o
                intcode                               8        8        6        4       0
                idloc                            200000   200000        8        0       5
                config                           300000   300000        E        0       4
                temp                                 7D       7D        1        1       1
                smallconst                         1000     1000       16      800       0
                text27                             291E     291E        4     1483       0
                text26                             291A     291A        4     1483       0
                text25                             2916     2916        4     1483       0
                text24                             2922     2922        2     1483       0
                text23                             2912     2912        4     1483       0
                text22                             290E     290E        4     1483       0
                text21                             290A     290A        4     1483       0
                text20                             28B0     28B0       1A     13E8       0
                text19                             2896     2896       1A     13E8       0
                text18                             287C     287C       1A     13E8       0
                text17                             2862     2862       1A     13E8       0
                text16                             2906     2906        4     1483       0
                text15                             28EA     28EA        C     13E8       0
                text14                             28F6     28F6        8     13E8       0
                text13                             28DE     28DE        C     13E8       0
                intcode_body                       2046     2046      386      80B       0
                text11                             1016     1016      4C0      80B       0
                text10                             1CAC     1CAC      39A      80B       0
                text9                              14D6     14D6      42A      80B       0
                text8                              2580     2580      106      80B       0
                text7                              23CC     23CC      1B4      80B       0
                text6                              1900     1900      3AC      80B       0
                text5                              27D0     27D0       3C     13E8       0
                text4                              28CA     28CA       14     13E8       0
                text3                              280C     280C       30     13E8       0
                text2                              274C     274C       46      80B       0
                text1                              283C     283C       26     13E8       0
                text0                              2686     2686       64      80B       0
                cstackCOMRAM                          1        1       5F        1       1
                cstackBANK0                          DB       DB        2       80       1
                dataBANK0                            80       80       3D       80       1
                bssBANK0                             BD       BD       1E       80       1
                dataCOMRAM                           76       76        7        1       1
                bssCOMRAM                            60       60       16        1       1
                cinit                              26EA     26EA       62      80B       0
                idataBANK0                         2792     2792       3D      80B       0
                idataCOMRAM                        28FE     28FE        7     13E8       0

TOTAL           Name                               Link     Load   Length     Space
        CLASS   CODE           
                intcode                               8        8        6         0
                init                                  E        E        4         0
                reset_vec                             0        0        4         0
                text27                             291E     291E        4         0
                text26                             291A     291A        4         0
                text25                             2916     2916        4         0
                text24                             2922     2922        2         0
                text23                             2912     2912        4         0
                text22                             290E     290E        4         0
                text21                             290A     290A        4         0
                text20                             28B0     28B0       1A         0
                text19                             2896     2896       1A         0
                text18                             287C     287C       1A         0
                text17                             2862     2862       1A         0
                text16                             2906     2906        4         0
                text15                             28EA     28EA        C         0
                text14                             28F6     28F6        8         0
                text13                             28DE     28DE        C         0
                intcode_body                       2046     2046      386         0
                text11                             1016     1016      4C0         0
                text10                             1CAC     1CAC      39A         0
                text9                              14D6     14D6      42A         0
                text8                              2580     2580      106         0
                text7                              23CC     23CC      1B4         0
                text6                              1900     1900      3AC         0
                text5                              27D0     27D0       3C         0
                text4                              28CA     28CA       14         0
                text3                              280C     280C       30         0
                text2                              274C     274C       46         0
                text1                              283C     283C       26         0
                text0                              2686     2686       64         0
                cinit                              26EA     26EA       62         0
                idataBANK0                         2792     2792       3D         0
                idataCOMRAM                        28FE     28FE        7         0

        CLASS   CONST          

        CLASS   SMALLCONST     
                smallconst                         1000     1000       16         0

        CLASS   MEDIUMCONST    

        CLASS   COMRAM         
                temp                                 7D       7D        1         1
                cstackCOMRAM                          1        1       5F         1
                dataCOMRAM                           76       76        7         1
                bssCOMRAM                            60       60       16         1

        CLASS   ABS1           

        CLASS   BIGRAM         

        CLASS   RAM            

        CLASS   BANK0          
                cstackBANK0                          DB       DB        2         1
                dataBANK0                            80       80       3D         1
                bssBANK0                             BD       BD       1E         1

        CLASS   BANK1          

        CLASS   BANK2          

        CLASS   BANK3          

        CLASS   BANK4          

        CLASS   BANK5          

        CLASS   BANK6          

        CLASS   BANK7          

        CLASS   BANK8          

        CLASS   BANK9          

        CLASS   BANK10         

        CLASS   BANK11         

        CLASS   BANK12         

        CLASS   BANK13         

        CLASS   BANK14         

        CLASS   BANK15         

        CLASS   SFR            

        CLASS   BIGSFR         

        CLASS   CONFIG         
                config                           300000   300000        E         4

        CLASS   IDLOC          
                idloc                            200000   200000        8         5

        CLASS   EEDATA         

        CLASS   FARRAM         

        CLASS   HEAP           

        CLASS   STACK          



SEGMENTS        Name                           Load    Length   Top    Selector   Space  Class

                reset_vec                      000000  000004  000004         0       0  CODE    
                cstackCOMRAM                   000001  00007D  00007E         1       1  COMRAM  
                intcode                        000008  00000A  000012         4       0  CODE    
                dataBANK0                      000080  00005D  0000DD        80       1  BANK0   
                smallconst                     001000  000016  001016       800       0  SMALLCON
                text11                         001016  0017B9  0027CF       80B       0  CODE    
                text5                          0027D0  000135  002905      13E8       0  CODE    
                text16                         002906  00001E  002924      1483       0  CODE    


UNUSED ADDRESS RANGES

        Name                Unused          Largest block    Delta
        BANK0            0000DD-0000FF               23
        BANK1            000100-0001FF              100
        BANK10           000A00-000AFF              100
        BANK11           000B00-000BFF              100
        BANK12           000C00-000CFF              100
        BANK13           000D00-000DFF              100
        BANK14           000E00-000EFF              100
        BANK15           000F00-000F7F               80
        BANK2            000200-0002FF              100
        BANK3            000300-0003FF              100
        BANK4            000400-0004FF              100
        BANK5            000500-0005FF              100
        BANK6            000600-0006FF              100
        BANK7            000700-0007FF              100
        BANK8            000800-0008FF              100
        BANK9            000900-0009FF              100
        BIGRAM           00007E-00007F                2
                         0000DD-000F7F              EA3
        BIGSFR           000F80-000FFF               80
        CODE             000004-000007                4
                         000012-000FFF              FEE
                         0027CF-0027CF                1
                         002905-002905                1
                         002924-00FFFF             D6DC
        COMRAM           00007E-00007F                2
        CONST            000004-000007                4
                         000012-000FFF              FEE
                         0027CF-0027CF                1
                         002905-002905                1
                         002924-00FFFF             D6DC
        EEDATA           F00000-F003FF              400
        MEDIUMCONST      0027CF-0027CF                1
                         002905-002905                1
                         002924-00FFFF             D6DC
        RAM              0000DD-000F7F              100
        SFR              000F80-000FFF               80
        SMALLCONST       0027CF-0027CF                1
                         002905-002905                1
                         002924-00FFFF              100

                                  Symbol Table

?___fladd                                       cstackCOMRAM 000042
?___fldiv                                       cstackCOMRAM 000029
?___flmul                                       cstackCOMRAM 000010
?___fltol                                       cstackCOMRAM 000052
?___xxtofl                                      cstackCOMRAM 000002
RB4_ISR@source                                  cstackCOMRAM 000001
RB5_ISR@source                                  cstackCOMRAM 000001
RB6_ISR@source                                  cstackCOMRAM 000001
RB7_ISR@source                                  cstackCOMRAM 000001
_ADCON0bits                                     (abs)        000FC2
_ADCON1bits                                     (abs)        000FC1
_ADCON2bits                                     (abs)        000FC0
_ADC_ISR                                        text27       00291E
_ADC_InterruptHandler                           bssCOMRAM    00006C
_ADRESH                                         (abs)        000FC4
_ADRESL                                         (abs)        000FC3
_BAUDCONbits                                    (abs)        000FB8
_CCP1CONbits                                    (abs)        000FBD
_CCP1_ISR                                       text26       00291A
_CCP1_InterruptHandler                          bssBANK0     0000D9
_CCP2CONbits                                    (abs)        000FBA
_CCP2_ISR                                       text25       002916
_CCP2_InterruptHandler                          bssBANK0     0000D7
_CCPR1H                                         (abs)        000FBF
_CCPR1L                                         (abs)        000FBE
_CCPR2H                                         (abs)        000FBC
_CCPR2L                                         (abs)        000FBB
_EEADR                                          (abs)        000FA9
_EEADRH                                         (abs)        000FAA
_EECON1bits                                     (abs)        000FA6
_EECON2                                         (abs)        000FA7
_EEDATA                                         (abs)        000FA8
_EUSART_TX_Isr                                  text24       002922
_INT0_ISR                                       text23       002912
_INT0_InterruptHandler                          bssBANK0     0000D1
_INT1_ISR                                       text22       00290E
_INT1_InterruptHandler                          bssBANK0     0000CF
_INT2_ISR                                       text21       00290A
_INT2_InterruptHandler                          bssBANK0     0000CD
_INTCON2bits                                    (abs)        000FF1
_INTCON3bits                                    (abs)        000FF0
_INTCONbits                                     (abs)        000FF2
_InterruptManager                               intcode      000008
_LATA                                           (abs)        000F89
_LATB                                           (abs)        000F8A
_LATC                                           (abs)        000F8B
_LATD                                           (abs)        000F8C
_LATE                                           (abs)        000F8D
_PIE1bits                                       (abs)        000F9D
_PIE2bits                                       (abs)        000FA0
_PIR1bits                                       (abs)        000F9E
_PIR2bits                                       (abs)        000FA1
_PORTA                                          (abs)        000F80
_PORTB                                          (abs)        000F81
_PORTBbits                                      (abs)        000F81
_PORTC                                          (abs)        000F82
_PORTD                                          (abs)        000F83
_PORTE                                          (abs)        000F84
_PR2                                            (abs)        000FCB
_RB4_Flag                                       dataCOMRAM   00007B
_RB4_ISR                                        text20       0028B0
_RB4_InterruptHandler_High                      bssCOMRAM    00006A
_RB4_InterruptHandler_Low                       bssCOMRAM    000068
_RB5_Flag                                       dataCOMRAM   00007A
_RB5_ISR                                        text19       002896
_RB5_InterruptHandler_High                      bssCOMRAM    000066
_RB5_InterruptHandler_Low                       bssCOMRAM    000064
_RB6_Flag                                       dataCOMRAM   000079
_RB6_ISR                                        text18       00287C
_RB6_InterruptHandler_High                      bssBANK0     0000CB
_RB6_InterruptHandler_Low                       bssBANK0     0000C9
_RB7_Flag                                       dataCOMRAM   000078
_RB7_ISR                                        text17       002862
_RB7_InterruptHandler_High                      bssBANK0     0000C7
_RB7_InterruptHandler_Low                       bssBANK0     0000C5
_RCREG                                          (abs)        000FAE
_RCSTAbits                                      (abs)        000FAB
_RX_Handler                                     bssBANK0     0000D3
_SPBRG                                          (abs)        000FAF
_SPBRGH                                         (abs)        000FB0
_SSPADD                                         (abs)        000FC8
_SSPBUF                                         (abs)        000FC9
_SSPCON1bits                                    (abs)        000FC6
_SSPCON2bits                                    (abs)        000FC5
_SSPSTATbits                                    (abs)        000FC7
_T0CONbits                                      (abs)        000FD5
_T1CONbits                                      (abs)        000FCD
_T2CONbits                                      (abs)        000FCA
_T3CONbits                                      (abs)        000FB1
_TMR0H                                          (abs)        000FD7
_TMR0L                                          (abs)        000FD6
_TMR0_InterruptHandler                          bssBANK0     0000C3
_TMR1                                           (abs)        000FCE
_TMR1H                                          (abs)        000FCF
_TMR1L                                          (abs)        000FCE
_TMR1_InterruptHandler                          bssBANK0     0000C1
_TMR2                                           (abs)        000FCC
_TMR2_InterruptHandler                          bssBANK0     0000BF
_TMR3                                           (abs)        000FB2
_TMR3H                                          (abs)        000FB3
_TMR3L                                          (abs)        000FB2
_TMR3_InterruptHandler                          bssBANK0     0000BD
_TRISA                                          (abs)        000F92
_TRISAbits                                      (abs)        000F92
_TRISB                                          (abs)        000F93
_TRISC                                          (abs)        000F94
_TRISCbits                                      (abs)        000F94
_TRISD                                          (abs)        000F95
_TRISE                                          (abs)        000F96
_TXREG                                          (abs)        000FAD
_TXSTAbits                                      (abs)        000FAC
_TX_Handler                                     bssBANK0     0000D5
_Timer0_ISR                                     text16       002906
_Timer1_ISR                                     text15       0028EA
_Timer2_ISR                                     text14       0028F6
_Timer3_ISR                                     text13       0028DE
__HRAM                                          (abs)        000000
__Habs1                                         abs1         000000
__Hbank0                                        bank0        000000
__Hbank1                                        bank1        000000
__Hbank10                                       bank10       000000
__Hbank11                                       bank11       000000
__Hbank12                                       bank12       000000
__Hbank13                                       bank13       000000
__Hbank14                                       bank14       000000
__Hbank15                                       bank15       000000
__Hbank2                                        bank2        000000
__Hbank3                                        bank3        000000
__Hbank4                                        bank4        000000
__Hbank5                                        bank5        000000
__Hbank6                                        bank6        000000
__Hbank7                                        bank7        000000
__Hbank8                                        bank8        000000
__Hbank9                                        bank9        000000
__Hbigbss                                       bigbss       000000
__Hbigdata                                      bigdata      000000
__Hbigram                                       bigram       000000
__Hbigsfr                                       bigsfr       000000
__Hbss                                          bss          000000
__HbssBANK0                                     bssBANK0     000000
__HbssCOMRAM                                    bssCOMRAM    000000
__Hcinit                                        cinit        000000
__Hclrtext                                      clrtext      000000
__Hcomram                                       comram       000000
__Hconfig                                       config       30000E
__Hconst                                        const        000000
__HcstackBANK0                                  cstackBANK0  000000
__HcstackCOMRAM                                 cstackCOMRAM 000000
__Hdata                                         data         000000
__HdataBANK0                                    dataBANK0    000000
__HdataCOMRAM                                   dataCOMRAM   000000
__Heeprom_data                                  eeprom_data  000000
__Hfarbss                                       farbss       000000
__Hfardata                                      fardata      000000
__Hheap                                         heap         000000
__Hibigdata                                     ibigdata     000000
__Hidata                                        idata        000000
__HidataBANK0                                   idataBANK0   000000
__HidataCOMRAM                                  idataCOMRAM  000000
__Hidloc                                        idloc        200008
__Hifardata                                     ifardata     000000
__Hinit                                         init         000012
__Hintcode                                      intcode      00000E
__Hintcode_body                                 intcode_body 000000
__Hintcodelo                                    intcodelo    00000E
__Hintentry                                     intentry     000000
__Hintret                                       intret       000000
__Hintsave_regs                                 intsave_regs 000000
__Hirdata                                       irdata       000000
__Hmediumconst                                  mediumconst  000000
__HnvFARRAM                                     nvFARRAM     000000
__Hnvbit                                        nvbit        000000
__Hnvrram                                       nvrram       000000
__Hparam                                        rparam       000000
__Hpowerup                                      powerup      00000E
__Hram                                          ram          000000
__Hramtop                                       ramtop       001000
__Hrbit                                         rbit         000000
__Hrbss                                         rbss         000000
__Hrdata                                        rdata        000000
__Hreset_vec                                    reset_vec    000004
__Hrparam                                       rparam       000000
__Hsfr                                          sfr          000000
__Hsmallconst                                   smallconst   001016
__Hspace_0                                      (abs)        002924
__Hspace_1                                      (abs)        0000DD
__Hspace_2                                      (abs)        000000
__Hspace_4                                      (abs)        60000E
__Hstack                                        stack        000000
__Hstruct                                       struct       000000
__Htemp                                         temp         00007E
__Htext                                         text         000000
__Htext0                                        text0        000000
__Htext1                                        text1        000000
__Htext10                                       text10       000000
__Htext11                                       text11       000000
__Htext13                                       text13       000000
__Htext14                                       text14       000000
__Htext15                                       text15       000000
__Htext16                                       text16       000000
__Htext17                                       text17       000000
__Htext18                                       text18       000000
__Htext19                                       text19       000000
__Htext2                                        text2        000000
__Htext20                                       text20       000000
__Htext21                                       text21       000000
__Htext22                                       text22       000000
__Htext23                                       text23       000000
__Htext24                                       text24       000000
__Htext25                                       text25       000000
__Htext26                                       text26       000000
__Htext27                                       text27       000000
__Htext3                                        text3        000000
__Htext4                                        text4        000000
__Htext5                                        text5        000000
__Htext6                                        text6        000000
__Htext7                                        text7        000000
__Htext8                                        text8        000000
__Htext9                                        text9        000000
__LRAM                                          (abs)        000001
__Labs1                                         abs1         000000
__Lbank0                                        bank0        000000
__Lbank1                                        bank1        000000
__Lbank10                                       bank10       000000
__Lbank11                                       bank11       000000
__Lbank12                                       bank12       000000
__Lbank13                                       bank13       000000
__Lbank14                                       bank14       000000
__Lbank15                                       bank15       000000
__Lbank2                                        bank2        000000
__Lbank3                                        bank3        000000
__Lbank4                                        bank4        000000
__Lbank5                                        bank5        000000
__Lbank6                                        bank6        000000
__Lbank7                                        bank7        000000
__Lbank8                                        bank8        000000
__Lbank9                                        bank9        000000
__Lbigbss                                       bigbss       000000
__Lbigdata                                      bigdata      000000
__Lbigram                                       bigram       000000
__Lbigsfr                                       bigsfr       000000
__Lbss                                          bss          000000
__LbssBANK0                                     bssBANK0     000000
__LbssCOMRAM                                    bssCOMRAM    000000
__Lcinit                                        cinit        000000
__Lclrtext                                      clrtext      000000
__Lcomram                                       comram       000000
__Lconfig                                       config       000000
__Lconst                                        const        000000
__LcstackBANK0                                  cstackBANK0  000000
__LcstackCOMRAM                                 cstackCOMRAM 000000
__Ldata                                         data         000000
__LdataBANK0                                    dataBANK0    000000
__LdataCOMRAM                                   dataCOMRAM   000000
__Leeprom_data                                  eeprom_data  000000
__Lfarbss                                       farbss       000000
__Lfardata                                      fardata      000000
__Lheap                                         heap         000000
__Libigdata                                     ibigdata     000000
__Lidata                                        idata        000000
__LidataBANK0                                   idataBANK0   000000
__LidataCOMRAM                                  idataCOMRAM  000000
__Lidloc                                        idloc        000000
__Lifardata                                     ifardata     000000
__Linit                                         init         00000E
__Lintcode                                      intcode      000008
__Lintcode_body                                 intcode_body 000000
__Lintcodelo                                    intcodelo    00000E
__Lintentry                                     intentry     000000
__Lintret                                       intret       000000
__Lintsave_regs                                 intsave_regs 000000
__Lirdata                                       irdata       000000
__Lmediumconst                                  mediumconst  000000
__LnvFARRAM                                     nvFARRAM     000000
__Lnvbit                                        nvbit        000000
__Lnvrram                                       nvrram       000000
__Lparam                                        rparam       000000
__Lpowerup                                      powerup      00000E
__Lram                                          ram          000000
__Lramtop                                       ramtop       001000
__Lrbit                                         rbit         000000
__Lrbss                                         rbss         000000
__Lrdata                                        rdata        000000
__Lreset_vec                                    reset_vec    000000
__Lrparam                                       rparam       000000
__Lsfr                                          sfr          000000
__Lsmallconst                                   smallconst   001000
__Lspace_0                                      (abs)        000000
__Lspace_1                                      (abs)        000000
__Lspace_2                                      (abs)        000000
__Lspace_4                                      (abs)        000000
__Lstack                                        stack        000000
__Lstruct                                       struct       000000
__Ltemp                                         temp         00007D
__Ltext                                         text         000000
__Ltext0                                        text0        000000
__Ltext1                                        text1        000000
__Ltext10                                       text10       000000
__Ltext11                                       text11       000000
__Ltext13                                       text13       000000
__Ltext14                                       text14       000000
__Ltext15                                       text15       000000
__Ltext16                                       text16       000000
__Ltext17                                       text17       000000
__Ltext18                                       text18       000000
__Ltext19                                       text19       000000
__Ltext2                                        text2        000000
__Ltext20                                       text20       000000
__Ltext21                                       text21       000000
__Ltext22                                       text22       000000
__Ltext23                                       text23       000000
__Ltext24                                       text24       000000
__Ltext25                                       text25       000000
__Ltext26                                       text26       000000
__Ltext27                                       text27       000000
__Ltext3                                        text3        000000
__Ltext4                                        text4        000000
__Ltext5                                        text5        000000
__Ltext6                                        text6        000000
__Ltext7                                        text7        000000
__Ltext8                                        text8        000000
__Ltext9                                        text9        000000
__S0                                            (abs)        002924
__S1                                            (abs)        0000DD
__S4                                            (abs)        000000
__S5                                            (abs)        000000
___fladd                                        text11       001016
___fladd@a                                      cstackCOMRAM 000046
___fladd@aexp                                   cstackCOMRAM 00004F
___fladd@b                                      cstackCOMRAM 000042
___fladd@bexp                                   cstackCOMRAM 000050
___fladd@grs                                    cstackCOMRAM 000051
___fladd@signs                                  cstackCOMRAM 00004E
___fldiv                                        text10       001CAC
___fldiv@a                                      cstackCOMRAM 00002D
___fldiv@aexp                                   cstackCOMRAM 000041
___fldiv@b                                      cstackCOMRAM 000029
___fldiv@bexp                                   cstackCOMRAM 000040
___fldiv@grs                                    cstackCOMRAM 00003C
___fldiv@new_exp                                cstackCOMRAM 00003A
___fldiv@rem                                    cstackCOMRAM 000035
___fldiv@sign                                   cstackCOMRAM 000039
___flmul                                        text9        0014D6
___flmul@a                                      cstackCOMRAM 000014
___flmul@aexp                                   cstackCOMRAM 000021
___flmul@b                                      cstackCOMRAM 000010
___flmul@bexp                                   cstackCOMRAM 000022
___flmul@grs                                    cstackCOMRAM 00001D
___flmul@prod                                   cstackCOMRAM 000023
___flmul@sign                                   cstackCOMRAM 00001C
___flmul@temp                                   cstackCOMRAM 000027
___fltol                                        text8        002580
___fltol@exp1                                   cstackCOMRAM 00005B
___fltol@f1                                     cstackCOMRAM 000052
___fltol@sign1                                  cstackCOMRAM 00005A
___heap_hi                                      (abs)        000000
___heap_lo                                      (abs)        000000
___inthi_sp                                     stack        000000
___intlo_sp                                     stack        000000
___param_bank                                   (abs)        000000
___rparam_used                                  (abs)        000001
___sp                                           stack        000000
___xxtofl                                       text7        0023CC
___xxtofl@arg                                   cstackCOMRAM 00000C
___xxtofl@exp                                   cstackCOMRAM 00000B
___xxtofl@sign                                  cstackCOMRAM 00000A
___xxtofl@val                                   cstackCOMRAM 000002
__accesstop                                     (abs)        000080
__activetblptr                                  (abs)        000003
__end_of_ADC_ISR                                text27       002922
__end_of_CCP1_ISR                               text26       00291E
__end_of_CCP2_ISR                               text25       00291A
__end_of_EUSART_TX_Isr                          text24       002924
__end_of_INT0_ISR                               text23       002916
__end_of_INT1_ISR                               text22       002912
__end_of_INT2_ISR                               text21       00290E
__end_of_InterruptManager                       intcode_body 0023CC
__end_of_RB4_ISR                                text20       0028CA
__end_of_RB5_ISR                                text19       0028B0
__end_of_RB6_ISR                                text18       002896
__end_of_RB7_ISR                                text17       00287C
__end_of_Timer0_ISR                             text16       00290A
__end_of_Timer1_ISR                             text15       0028F6
__end_of_Timer2_ISR                             text14       0028FE
__end_of_Timer3_ISR                             text13       0028EA
__end_of___fladd                                text11       0014D6
__end_of___fldiv                                text10       002046
__end_of___flmul                                text9        001900
__end_of___fltol                                text8        002686
__end_of___xxtofl                               text7        002580
__end_of__initialization                        cinit        002742
__end_of_keypad_btns                            smallconst   001011
__end_of_main                                   text0        0026EA
__end_of_mcal_i2c_initialize                    text6        001CAC
__end_of_mcal_i2c_master_send_data              text5        00280C
__end_of_mcal_i2c_send_repeated_start_condition text4        0028DE
__end_of_mcal_i2c_send_slave_address            text2        002792
__end_of_mcal_i2c_send_start_condition          text3        00283C
__end_of_mcal_i2c_send_stop_condition           text1        002862
__initialization                                cinit        0026EA
__mediumconst                                   mediumconst  000000
__pbssBANK0                                     bssBANK0     0000BD
__pbssCOMRAM                                    bssCOMRAM    000060
__pcinit                                        cinit        0026EA
__pcstackBANK0                                  cstackBANK0  0000DB
__pcstackCOMRAM                                 cstackCOMRAM 000001
__pdataBANK0                                    dataBANK0    000080
__pdataCOMRAM                                   dataCOMRAM   000076
__pidataBANK0                                   idataBANK0   002792
__pidataCOMRAM                                  idataCOMRAM  0028FE
__pintcode                                      intcode      000008
__pintcode_body                                 intcode_body 002046
__psmallconst                                   smallconst   001000
__ptext0                                        text0        002686
__ptext1                                        text1        00283C
__ptext10                                       text10       001CAC
__ptext11                                       text11       001016
__ptext13                                       text13       0028DE
__ptext14                                       text14       0028F6
__ptext15                                       text15       0028EA
__ptext16                                       text16       002906
__ptext17                                       text17       002862
__ptext18                                       text18       00287C
__ptext19                                       text19       002896
__ptext2                                        text2        00274C
__ptext20                                       text20       0028B0
__ptext21                                       text21       00290A
__ptext22                                       text22       00290E
__ptext23                                       text23       002912
__ptext24                                       text24       002922
__ptext25                                       text25       002916
__ptext26                                       text26       00291A
__ptext27                                       text27       00291E
__ptext3                                        text3        00280C
__ptext4                                        text4        0028CA
__ptext5                                        text5        0027D0
__ptext6                                        text6        001900
__ptext7                                        text7        0023CC
__ptext8                                        text8        002580
__ptext9                                        text9        0014D6
__ramtop                                        ramtop       001000
__smallconst                                    smallconst   001000
_ack_status                                     dataCOMRAM   00007C
_i2c_master                                     dataBANK0    0000A8
_i2c_ob                                         dataBANK0    0000B1
_lat_registers                                  dataBANK0    00008A
_lcd_1                                          dataBANK0    0000B7
_lcd_2                                          dataBANK0    00009E
_main                                           text0        002686
_mcal_i2c_initialize                            text6        001900
_mcal_i2c_master_send_data                      text5        0027D0
_mcal_i2c_send_repeated_start_condition         text4        0028CA
_mcal_i2c_send_slave_address                    text2        00274C
_mcal_i2c_send_start_condition                  text3        00280C
_mcal_i2c_send_stop_condition                   text1        00283C
_port_registers                                 dataBANK0    000080
_rc3_                                           dataCOMRAM   000077
_rc4_                                           dataCOMRAM   000076
_timer1_isr_preload_value                       bssCOMRAM    000062
_timer2_preload                                 bssCOMRAM    00006E
_timer3_isr_preload_value                       bssCOMRAM    000060
_tris_registers                                 dataBANK0    000094
btemp                                           temp         00007D
end_of_initialization                           cinit        002742
int$flags                                       temp         00007D
int_func                                        intcode_body 002046
intlevel0                                       text         000000
intlevel1                                       text         000000
intlevel2                                       text         000000
intlevel3                                       text         000000
isa$std                                         (abs)        000001
isa$xinst                                       (abs)        000000
led_initialize@F2881                            bssCOMRAM    000075
led_toggle@F2896                                bssCOMRAM    000072
led_turn_off@F2891                              bssCOMRAM    000073
led_turn_on@F2886                               bssCOMRAM    000074
mcal_i2c_initialize@i2c_obj                     cstackCOMRAM 00005C
mcal_i2c_master_send_data@ack_status            cstackCOMRAM 000002
mcal_i2c_master_send_data@data                  cstackCOMRAM 000004
mcal_i2c_send_slave_address@ack_status          cstackCOMRAM 000004
mcal_i2c_send_slave_address@read_write_bit      cstackCOMRAM 000003
mcal_i2c_send_slave_address@slave_address       cstackCOMRAM 000006
mcal_i2c_send_slave_address@status              cstackCOMRAM 000007
mcal_i2c_send_start_condition@status            cstackCOMRAM 000002
relay_Off@F2889                                 bssCOMRAM    00006F
relay_On@F2884                                  bssCOMRAM    000070
relay_initialize@F2879                          bssCOMRAM    000071
stackhi                                         (abs)        000000
stacklo                                         (abs)        000000
start                                           init         00000E
start_initialization                            cinit        0026EA
ttemp5                                          temp         00007E
ttemp6                                          temp         000081
ttemp7                                          temp         000085
wtemp8                                          temp         00007E


MODULE INFORMATION

Module		Function		Class		Link	Load	Size
C:\Program Files\Microchip\xc8\v2.40\pic\sources\c99\common\sprcmul.c
		___flmul       		CODE           	14D6	0000	1066

C:\Program Files\Microchip\xc8\v2.40\pic\sources\c99\common\sprcmul.c estimated size: 1066

C:\Program Files\Microchip\xc8\v2.40\pic\sources\c99\common\sprcdiv.c
		___fldiv       		CODE           	1CAC	0000	922

C:\Program Files\Microchip\xc8\v2.40\pic\sources\c99\common\sprcdiv.c estimated size: 922

C:\Program Files\Microchip\xc8\v2.40\pic\sources\c99\common\fltol.c
		___fltol       		CODE           	2580	0000	262

C:\Program Files\Microchip\xc8\v2.40\pic\sources\c99\common\fltol.c estimated size: 262

MCAL_Layer/I2C/MCAL_I2C.c
		_mcal_i2c_send_start_condition		CODE           	280C	0000	48
		_mcal_i2c_send_slave_address		CODE           	274C	0000	70
		_mcal_i2c_send_stop_condition		CODE           	283C	0000	38
		_mcal_i2c_send_repeated_start_condition		CODE           	28CA	0000	20
		_mcal_i2c_initialize		CODE           	1900	0000	940
		_mcal_i2c_master_send_data		CODE           	27D0	0000	60

MCAL_Layer/I2C/MCAL_I2C.c estimated size: 1176

MCAL_Layer/EUSART/hal_eusart.c
		_EUSART_TX_Isr 		CODE           	2922	0000	2

MCAL_Layer/EUSART/hal_eusart.c estimated size: 2

C:\Program Files\Microchip\xc8\v2.40\pic\sources\c99\common\sprcadd.c
		___fladd       		CODE           	1016	0000	1216

C:\Program Files\Microchip\xc8\v2.40\pic\sources\c99\common\sprcadd.c estimated size: 1216

C:\Program Files\Microchip\xc8\v2.40\pic\sources\c99\common\xxtofl.c
		___xxtofl      		CODE           	23CC	0000	436

C:\Program Files\Microchip\xc8\v2.40\pic\sources\c99\common\xxtofl.c estimated size: 436

shared
		__initialization		CODE           	26EA	0000	88
		_keypad_btns   		SMALLCONST     	0000	0000	0

shared estimated size: 88

MCAL_Layer/Interrupt/mcal_external_interrupt.c
		_RB4_ISR       		CODE           	28B0	0000	26
		_RB5_ISR       		CODE           	2896	0000	26
		_RB6_ISR       		CODE           	287C	0000	26
		_RB7_ISR       		CODE           	2862	0000	26
		_INT0_ISR      		CODE           	2912	0000	4
		_INT1_ISR      		CODE           	290E	0000	4
		_INT2_ISR      		CODE           	290A	0000	4

MCAL_Layer/Interrupt/mcal_external_interrupt.c estimated size: 116

MCAL_Layer/ADC/hal_adc.c
		_ADC_ISR       		CODE           	291E	0000	4

MCAL_Layer/ADC/hal_adc.c estimated size: 4

MCAL_Layer/Interrupt/mcal_interrupt_manager.c
		_InterruptManager		CODE           	0008	0000	908

MCAL_Layer/Interrupt/mcal_interrupt_manager.c estimated size: 908

MCAL_Layer/CCP1/hal_ccp1.c
		_CCP1_ISR      		CODE           	291A	0000	4
		_CCP2_ISR      		CODE           	2916	0000	4

MCAL_Layer/CCP1/hal_ccp1.c estimated size: 8

application.c
		_main          		CODE           	2686	0000	100

application.c estimated size: 100

MCAL_Layer/Timer3/hal_timer3.c
		_Timer3_ISR    		CODE           	28DE	0000	12

MCAL_Layer/Timer3/hal_timer3.c estimated size: 12

MCAL_Layer/Timer2/hal_timer2.c
		_Timer2_ISR    		CODE           	28F6	0000	8

MCAL_Layer/Timer2/hal_timer2.c estimated size: 8

MCAL_Layer/Timer1/hal_timer1.c
		_Timer1_ISR    		CODE           	28EA	0000	12

MCAL_Layer/Timer1/hal_timer1.c estimated size: 12

MCAL_Layer/Timer0/hal_timer0.c
		_Timer0_ISR    		CODE           	2906	0000	4

MCAL_Layer/Timer0/hal_timer0.c estimated size: 4

